// Jest Snapshot v1, https://goo.gl/fbAQLP

exports[`when App is rendered with shallow should match the snapshot 1`] = `
<div>
  <SearchField
    handleSubmit={[Function]}
  />
  <Pagination
    handleSubmit={[Function]}
  />
  <BookTable
    books={Array []}
  />
</div>
`;

exports[`when BookRows is rendered with shallow before component has mounted should match the snapshot 1`] = `
Array [
  <tr
    key="ANIMAL FARM (AB)"
  >
    <td>
      ANIMAL FARM (AB)
    </td>
    <td>
      George Orwell
    </td>
  </tr>,
  <tr
    key="Ardil-22 (Catch-22, # 1)"
  >
    <td>
      Ardil-22 (Catch-22, # 1)
    </td>
    <td>
      Joseph Heller
    </td>
  </tr>,
  <tr
    key="A Tale of Two Cities"
  >
    <td>
      A Tale of Two Cities
    </td>
    <td>
      Charles Dickens
    </td>
  </tr>,
  <tr
    key="Fields of Elysium (Fields of Elysium, #1)"
  >
    <td>
      Fields of Elysium (Fields of Elysium, #1)
    </td>
    <td>
      A.B. Whelan
    </td>
  </tr>,
  <tr
    key="14 Days to Die"
  >
    <td>
      14 Days to Die
    </td>
    <td>
      A.B. Whelan
    </td>
  </tr>,
  <tr
    key="Cornelsen Senior English Library - Literatur: Ab 11. Schuljahr - Never let me go: Textband mit Annotationen und Zusatztexten"
  >
    <td>
      Cornelsen Senior English Library - Literatur: Ab 11. Schuljahr - Never let me go: Textband mit Annotationen und Zusatztexten
    </td>
    <td>
      Kazuo Ishiguro
    </td>
  </tr>,
  <tr
    key="A Leste do Éden (Vol I e II)"
  >
    <td>
      A Leste do Éden (Vol I e II)
    </td>
    <td>
      John Steinbeck
    </td>
  </tr>,
  <tr
    key="Atlas wirft die Welt ab"
  >
    <td>
      Atlas wirft die Welt ab
    </td>
    <td>
      Ayn Rand
    </td>
  </tr>,
  <tr
    key="The Way West (The Big Sky, #2)"
  >
    <td>
      The Way West (The Big Sky, #2)
    </td>
    <td>
      A.B. Guthrie Jr.
    </td>
  </tr>,
  <tr
    key="Hart van Inkt (Inkt, #1)"
  >
    <td>
      Hart van Inkt (Inkt, #1)
    </td>
    <td>
      Cornelia Funke
    </td>
  </tr>,
  <tr
    key="The Big Sky (The Big Sky, #1)"
  >
    <td>
      The Big Sky (The Big Sky, #1)
    </td>
    <td>
      A.B. Guthrie Jr.
    </td>
  </tr>,
  <tr
    key="As Sick as Our Secrets"
  >
    <td>
      As Sick as Our Secrets
    </td>
    <td>
      A.B. Whelan
    </td>
  </tr>,
  <tr
    key="AB de Villiers - The Autobiography"
  >
    <td>
      AB de Villiers - The Autobiography
    </td>
    <td>
      A.B. de Villiers
    </td>
  </tr>,
  <tr
    key="Oliver Twist ( Ab 11 J.)."
  >
    <td>
      Oliver Twist ( Ab 11 J.).
    </td>
    <td>
      Charles Dickens
    </td>
  </tr>,
  <tr
    key="Don Quixote [illustrated]"
  >
    <td>
      Don Quixote [illustrated]
    </td>
    <td>
      Miguel de Cervantes Saavedra
    </td>
  </tr>,
  <tr
    key="Insel der blauen Delfine. CD. ( Ab 8 J.)"
  >
    <td>
      Insel der blauen Delfine. CD. ( Ab 8 J.)
    </td>
    <td>
      Scott O'Dell
    </td>
  </tr>,
  <tr
    key="A Streetcar Named Desire. Ab 11. Schuljahr"
  >
    <td>
      A Streetcar Named Desire. Ab 11. Schuljahr
    </td>
    <td>
      Tennessee Williams
    </td>
  </tr>,
  <tr
    key="A mulher de Jerusalém"
  >
    <td>
      A mulher de Jerusalém
    </td>
    <td>
      A.B. Yehoshua
    </td>
  </tr>,
  <tr
    key="The Lover"
  >
    <td>
      The Lover
    </td>
    <td>
      A.B. Yehoshua
    </td>
  </tr>,
  <tr
    key="O misterioso caso de Styles"
  >
    <td>
      O misterioso caso de Styles
    </td>
    <td>
      Agatha Christie
    </td>
  </tr>,
]
`;

exports[`when SearchField is rendered with shallow should match the snapshot 1`] = `
<form
  onSubmit={[Function]}
>
  <label>
    Search Parameters:
    <input
      onChange={[Function]}
      type="text"
      value=""
    />
  </label>
  <button
    type="submit"
    value="Submit"
  />
</form>
`;

exports[`when SearchField is rendered with shallow when input is changed should update the input value 1`] = `
<form
  onSubmit={[Function]}
>
  <label>
    Search Parameters:
    <input
      onChange={[Function]}
      type="text"
      value="typedSearch"
    />
  </label>
  <button
    type="submit"
    value="Submit"
  />
</form>
`;
